Counting k-mers into hash table
One dot for each 500,000 reads processed
ERROR: File ends after + but before quality scores
